Right
    ( Status
        { volume = Just 50
        , repeat = False
        , random = False
        , single = SingleOff
        , consume = ConsumeOff
        , playlistVersion = 4
        , playlistLength = 2
        , state = Playing
        , currentPosition = Just 0
        , currentId = Just 1
        , nextPosition = Just 1
        , nextId = Just 2
        , elapsed = Just 0.251
        , duration = Just 2.000
        , bitrate = Just 0
        , crossfade = 0
        , audio = Just "8000:16:1"
        , updatingDb = Nothing
        , error = Nothing
        }
    , Just
        ( Song
            { file = "a/one.flac"
            , tags = fromList
                [
                    ( Artist
                    ,
                        [ "Foo"
                        , "Bar"
                        ]
                    )
                ,
                    ( Album
                    , [ "Baz" ]
                    )
                ,
                    ( AlbumArtist
                    , [ "Foo" ]
                    )
                ,
                    ( Title
                    , [ "Zażółć gęślą jaźń" ]
                    )
                ,
                    ( Track
                    , [ "1/12" ]
                    )
                ,
                    ( Genre
                    , [ "Rock" ]
                    )
                ,
                    ( Date
                    , [ "2001-02-03" ]
                    )
                ,
                    ( MusicBrainzTrackId
                    , [ "0d6d7a5c-4a9f-4c3b-9b7e-0123456789ab" ]
                    )
                ]
            , duration = Just 2.000
            , range = Nothing
            , lastModified = Just 2026-10-03 22:44:31 UTC
            , format = Just "8000:16:1"
            , position = Just 0
            , songId = Just 1
            , priority = 0
            }
        )
    )
