Right
    ( Just
        ( Song
            { file = "a/one.flac"
            , tags = fromList
                [
                    ( Artist
                    ,
                        [ "Foo"
                        , "Bar"
                        ]
                    )
                ,
                    ( Album
                    , [ "Baz" ]
                    )
                ,
                    ( AlbumArtist
                    , [ "Foo" ]
                    )
                ,
                    ( Title
                    , [ "Zażółć gęślą jaźń" ]
                    )
                ,
                    ( Track
                    , [ "1/12" ]
                    )
                ,
                    ( Genre
                    , [ "Rock" ]
                    )
                ,
                    ( Date
                    , [ "2001-02-03" ]
                    )
                ,
                    ( MusicBrainzTrackId
                    , [ "0d6d7a5c-4a9f-4c3b-9b7e-0123456789ab" ]
                    )
                ]
            , duration = Just 2.000
            , lastModified = Just 2026-10-03 22:44:31 UTC
            , format = Just "8000:16:1"
            , position = Just 0
            , songId = Just 1
            , priority = 0
            }
        )
    )
